// Jest Snapshot v1, https://goo.gl/fbAQLP

exports[`List should render correctly with mock props 1`] = `
<Fragment>
  <Header
    title="Counter History"
  />
  <ul>
    <li
      key="00000000-0000-0000-0000-000000000000"
    >
      0
    </li>
    <li
      key="00000000-0000-0000-0000-000000000000"
    >
      1
    </li>
    <li
      key="00000000-0000-0000-0000-000000000000"
    >
      2
    </li>
  </ul>
</Fragment>
`;
